
[7m[1m[36m RUN [39m[22m[27m [36mv1.6.1[39m [90mf:/bs/A_system/frontend[39m


[2m Test Files [22m [1m[31m8 failed[39m[22m[90m (8)[39m
[2m      Tests [22m [2mno tests[22m
[2m   Start at [22m 15:32:35
[2m   Duration [22m 11.58s[2m (transform 3.45s, setup 3.96s, collect 12.28s, tests 0ms, environment 55.05s, prepare 8.08s)[22m



STDERR:
DEPRECATION WARNING [legacy-js-api]: The legacy JS API is deprecated and will be removed in Dart Sass 2.0.0.

More info: https://sass-lang.com/d/legacy-js-api

DEPRECATION WARNING [legacy-js-api]: The legacy JS API is deprecated and will be removed in Dart Sass 2.0.0.

More info: https://sass-lang.com/d/legacy-js-api

DEPRECATION WARNING [legacy-js-api]: The legacy JS API is deprecated and will be removed in Dart Sass 2.0.0.

More info: https://sass-lang.com/d/legacy-js-api

DEPRECATION WARNING [legacy-js-api]: The legacy JS API is deprecated and will be removed in Dart Sass 2.0.0.

More info: https://sass-lang.com/d/legacy-js-api

[31m⎯⎯⎯⎯⎯⎯[1m[7m Failed Suites 8 [27m[22m⎯⎯⎯⎯⎯⎯⎯[39m

[31m[1m[7m FAIL [27m[22m[39m src/__tests__/api/request.test.ts [2m[ src/__tests__/api/request.test.ts ][22m
[31m[1mError[22m: No test suite found in file F:/bs/A_system/frontend/src/__tests__/api/request.test.ts[39m
[31m[2m⎯⎯⎯⎯⎯⎯⎯⎯⎯⎯⎯⎯⎯⎯⎯⎯⎯⎯⎯⎯⎯⎯⎯⎯[1/8]⎯[22m[39m

[31m[1m[7m FAIL [27m[22m[39m src/components/__tests__/AppHeader.spec.ts [2m[ src/components/__tests__/AppHeader.spec.ts ][22m
[31m[1mError[22m: No test suite found in file F:/bs/A_system/frontend/src/components/__tests__/AppHeader.spec.ts[39m
[31m[2m⎯⎯⎯⎯⎯⎯⎯⎯⎯⎯⎯⎯⎯⎯⎯⎯⎯⎯⎯⎯⎯⎯⎯⎯[2/8]⎯[22m[39m

[31m[1m[7m FAIL [27m[22m[39m src/components/__tests__/AppLayout.spec.ts [2m[ src/components/__tests__/AppLayout.spec.ts ][22m
[31m[1mError[22m: No test suite found in file F:/bs/A_system/frontend/src/components/__tests__/AppLayout.spec.ts[39m
[31m[2m⎯⎯⎯⎯⎯⎯⎯⎯⎯⎯⎯⎯⎯⎯⎯⎯⎯⎯⎯⎯⎯⎯⎯⎯[3/8]⎯[22m[39m

[31m[1m[7m FAIL [27m[22m[39m src/components/__tests__/LayerStatusBadge.spec.ts [2m[ src/components/__tests__/LayerStatusBadge.spec.ts ][22m
[31m[1mError[22m: No test suite found in file F:/bs/A_system/frontend/src/components/__tests__/LayerStatusBadge.spec.ts[39m
[31m[2m⎯⎯⎯⎯⎯⎯⎯⎯⎯⎯⎯⎯⎯⎯⎯⎯⎯⎯⎯⎯⎯⎯⎯⎯[4/8]⎯[22m[39m

[31m[1m[7m FAIL [27m[22m[39m src/__tests__/utils/format.test.ts [2m[ src/__tests__/utils/format.test.ts ][22m
[31m[1mError[22m: No test suite found in file F:/bs/A_system/frontend/src/__tests__/utils/format.test.ts[39m
[31m[2m⎯⎯⎯⎯⎯⎯⎯⎯⎯⎯⎯⎯⎯⎯⎯⎯⎯⎯⎯⎯⎯⎯⎯⎯[5/8]⎯[22m[39m

[31m[1m[7m FAIL [27m[22m[39m src/__tests__/stores/stock.test.ts [2m[ src/__tests__/stores/stock.test.ts ][22m
[31m[1mError[22m: No test suite found in file F:/bs/A_system/frontend/src/__tests__/stores/stock.test.ts[39m
[31m[2m⎯⎯⎯⎯⎯⎯⎯⎯⎯⎯⎯⎯⎯⎯⎯⎯⎯⎯⎯⎯⎯⎯⎯⎯[6/8]⎯[22m[39m

[31m[1m[7m FAIL [27m[22m[39m src/__tests__/stores/user.test.ts [2m[ src/__tests__/stores/user.test.ts ][22m
[31m[1mError[22m: No test suite found in file F:/bs/A_system/frontend/src/__tests__/stores/user.test.ts[39m
[31m[2m⎯⎯⎯⎯⎯⎯⎯⎯⎯⎯⎯⎯⎯⎯⎯⎯⎯⎯⎯⎯⎯⎯⎯⎯[7/8]⎯[22m[39m

[31m[1m[7m FAIL [27m[22m[39m src/__tests__/stores/watchlist.test.ts [2m[ src/__tests__/stores/watchlist.test.ts ][22m
[31m[1mError[22m: No test suite found in file F:/bs/A_system/frontend/src/__tests__/stores/watchlist.test.ts[39m
[31m[2m⎯⎯⎯⎯⎯⎯⎯⎯⎯⎯⎯⎯⎯⎯⎯⎯⎯⎯⎯⎯⎯⎯⎯⎯[8/8]⎯[22m[39m

